[INFO] Start profiling....
✓ Overridden narrow_copy from /data/hanle/ascend-optimization/runtime/kg-controller/runs/profiles-narrow-copy/5cd8677e69534b2f8d2c2181b51c73db/target/candidate/narrow_copy.py:run
.                                                                        [100%]
=============================== warnings summary ===============================
../../../../../usr/local/python3.11.15/lib/python3.11/site-packages/torch_npu/npu/__init__.py:539
  /usr/local/python3.11.15/lib/python3.11/site-packages/torch_npu/npu/__init__.py:539: UserWarning: You can set the device capability via the environment variable TORCH_NPU_DEVICE_CAPABILITY. The return value of get_device_capability is only for compatibility with PyTorch and does not represent the actual capability of the NPU device.
    warnings.warn(f"You can set the device capability via the environment variable TORCH_NPU_DEVICE_CAPABILITY. {warning_str}")

src/flag_gems/utils/device_info.py:58
  /data/hanle/ascend-optimization/runtime/flagggems-narrow-copy/src/flag_gems/utils/device_info.py:58: UserWarning: [device_info] torch_device_fn.get_device_capability returned None for device_id=0, fallback to (0, 0).
    warnings.warn(

../../../../../usr/local/python3.11.15/lib/python3.11/site-packages/torch/backends/__init__.py:46
  /usr/local/python3.11.15/lib/python3.11/site-packages/torch/backends/__init__.py:46: UserWarning: Please use the new API settings to control TF32 behavior, such as torch.backends.cudnn.conv.fp32_precision = 'tf32' or torch.backends.cuda.matmul.fp32_precision = 'ieee'. Old settings, e.g, torch.backends.cuda.matmul.allow_tf32 = True, torch.backends.cudnn.allow_tf32 = True, allowTF32CuDNN() and allowTF32CuBLAS() will be deprecated after Pytorch 2.9. Please see https://pytorch.org/docs/main/notes/cuda.html#tensorfloat-32-tf32-on-ampere-and-later-devices (Triggered internally at /pytorch/aten/src/ATen/Context.cpp:80.)
    self.setter(val)

-- Docs: https://docs.pytest.org/en/stable/how-to/capture-warnings.html
1 passed, 3 warnings in 1.06s
[INFO] Start export data in PROF_000001_20261006032226214_01078047GHRDOFRG.
Tue 06 Oct 2026 03:22:44 [WARNING] [MSVP] [1078676] msprof_entrance.py: Msprof analysis is parsing data as root, which may cause potential system security risks.
Tue 06 Oct 2026 03:22:44 [INFO] [MSVP] [1078687] msprof_common.py: Start analyzing data in "/data/hanle/ascend-optimization/runtime/kg-controller/runs/profiles-narrow-copy/5cd8677e69534b2f8d2c2181b51c73db/msprof-output/PROF_000001_20261006032226214_01078047GHRDOFRG/host" ...
Tue 06 Oct 2026 03:22:44 [INFO] [MSVP] [1078687] msprof_common.py: It may take few minutes, please be patient ...
Tue 06 Oct 2026 03:22:44 [INFO] [MSVP] [1078687] msprof_common.py: Analysis data in "/data/hanle/ascend-optimization/runtime/kg-controller/runs/profiles-narrow-copy/5cd8677e69534b2f8d2c2181b51c73db/msprof-output/PROF_000001_20261006032226214_01078047GHRDOFRG/host" finished.
Tue 06 Oct 2026 03:22:44 [INFO] [MSVP] [1078687] msprof_common.py: Start analyzing data in "/data/hanle/ascend-optimization/runtime/kg-controller/runs/profiles-narrow-copy/5cd8677e69534b2f8d2c2181b51c73db/msprof-output/PROF_000001_20261006032226214_01078047GHRDOFRG/device_7" ...
Tue 06 Oct 2026 03:22:44 [INFO] [MSVP] [1078687] msprof_common.py: It may take few minutes, please be patient ...
Tue 06 Oct 2026 03:22:44 [INFO] [MSVP] [1078687] msprof_common.py: Analysis data in "/data/hanle/ascend-optimization/runtime/kg-controller/runs/profiles-narrow-copy/5cd8677e69534b2f8d2c2181b51c73db/msprof-output/PROF_000001_20261006032226214_01078047GHRDOFRG/device_7" finished.
Tue 06 Oct 2026 03:22:44 [INFO] [MSVP] [1078687] msprof_export.py: All collected data will be exported, path is: /data/hanle/ascend-optimization/runtime/kg-controller/runs/profiles-narrow-copy/5cd8677e69534b2f8d2c2181b51c73db/msprof-output/PROF_000001_20261006032226214_01078047GHRDOFRG/device_7.
Tue 06 Oct 2026 03:22:45 [WARNING] [MSVP] [1078865] msprof_entrance.py: Msprof analysis is parsing data as root, which may cause potential system security risks.
Tue 06 Oct 2026 03:22:45 [INFO] [MSVP] [1078870] msprof_export.py: The data in "/data/hanle/ascend-optimization/runtime/kg-controller/runs/profiles-narrow-copy/5cd8677e69534b2f8d2c2181b51c73db/msprof-output/PROF_000001_20261006032226214_01078047GHRDOFRG/host" has been analyzed. Parsing phase will be skipped.
Tue 06 Oct 2026 03:22:45 [INFO] [MSVP] [1078870] msprof_export.py: The data in "/data/hanle/ascend-optimization/runtime/kg-controller/runs/profiles-narrow-copy/5cd8677e69534b2f8d2c2181b51c73db/msprof-output/PROF_000001_20261006032226214_01078047GHRDOFRG/device_7" has been analyzed. Parsing phase will be skipped.
Tue 06 Oct 2026 03:22:45 [INFO] [MSVP] [1078870] msprof_export.py: All collected data will be exported, path is: /data/hanle/ascend-optimization/runtime/kg-controller/runs/profiles-narrow-copy/5cd8677e69534b2f8d2c2181b51c73db/msprof-output/PROF_000001_20261006032226214_01078047GHRDOFRG/device_7.
Tue 06 Oct 2026 03:22:45 [INFO] [MSVP] [1078870] msprof_export.py: There is no summary data to export for "/data/hanle/ascend-optimization/runtime/kg-controller/runs/profiles-narrow-copy/5cd8677e69534b2f8d2c2181b51c73db/msprof-output/PROF_000001_20261006032226214_01078047GHRDOFRG/host"
Tue 06 Oct 2026 03:22:45 [INFO] [MSVP] [1078870] msprof_export.py: All collected data will be exported, path is: /data/hanle/ascend-optimization/runtime/kg-controller/runs/profiles-narrow-copy/5cd8677e69534b2f8d2c2181b51c73db/msprof-output/PROF_000001_20261006032226214_01078047GHRDOFRG/device_7.
Tue 06 Oct 2026 03:22:45 [INFO] [MSVP] [1078870] msprof_export.py: There is no summary data to export for "/data/hanle/ascend-optimization/runtime/kg-controller/runs/profiles-narrow-copy/5cd8677e69534b2f8d2c2181b51c73db/msprof-output/PROF_000001_20261006032226214_01078047GHRDOFRG/device_7"
Tue 06 Oct 2026 03:22:45 [INFO] [MSVP] [1078870] msprof_common.py: Start exporting summary output_file.
Tue 06 Oct 2026 03:22:45 [INFO] [MSVP] [1078870] msprof_common.py: End exporting summary output_file.The file is stored in the /data/hanle/ascend-optimization/runtime/kg-controller/runs/profiles-narrow-copy/5cd8677e69534b2f8d2c2181b51c73db/msprof-output/PROF_000001_20261006032226214_01078047GHRDOFRG/mindstudio_profiler_output path.
[INFO] Export all data in PROF_000001_20261006032226214_01078047GHRDOFRG done.
[INFO] Start query data in PROF_000001_20261006032226214_01078047GHRDOFRG.
Tue 06 Oct 2026 03:22:46 [WARNING] [MSVP] [1078913] msprof_entrance.py: Msprof analysis is parsing data as root, which may cause potential system security risks.
Job Info	Device ID	Dir Name	Collection Time           	Model ID	Iteration Number	Top Time Iteration	Rank ID	

NA      	         	host    	2026-10-06 03:22:26.737282	N/A     	N/A             	N/A               	-1     	

NA      	7        	device_7	2026-10-06 03:22:26.740900	N/A     	N/A             	N/A               	-1     	

[INFO] Query all data in PROF_000001_20261006032226214_01078047GHRDOFRG done.
[INFO] Profiling finished.
[INFO] Process profiling data complete. Data is saved in /data/hanle/ascend-optimization/runtime/kg-controller/runs/profiles-narrow-copy/5cd8677e69534b2f8d2c2181b51c73db/msprof-output/PROF_000001_20261006032226214_01078047GHRDOFRG
