kg worker failed: ServerError: cannot reach evaluation server: HTTPConnectionPool(host='127.0.0.1', port=19655): Read timed out. (read timeout=60)
Traceback (most recent call last):
  File "/usr/local/python3.11.15/lib/python3.11/site-packages/urllib3/connectionpool.py", line 540, in _make_request
    response = conn.getresponse()
               ^^^^^^^^^^^^^^^^^^
  File "/usr/local/python3.11.15/lib/python3.11/site-packages/urllib3/connection.py", line 638, in getresponse
    httplib_response = super().getresponse()
                       ^^^^^^^^^^^^^^^^^^^^^
  File "/usr/local/python3.11.15/lib/python3.11/http/client.py", line 1415, in getresponse
    response.begin()
  File "/usr/local/python3.11.15/lib/python3.11/http/client.py", line 330, in begin
    version, status, reason = self._read_status()
                              ^^^^^^^^^^^^^^^^^^^
  File "/usr/local/python3.11.15/lib/python3.11/http/client.py", line 291, in _read_status
    line = str(self.fp.readline(_MAXLINE + 1), "iso-8859-1")
               ^^^^^^^^^^^^^^^^^^^^^^^^^^^^^^
  File "/usr/local/python3.11.15/lib/python3.11/socket.py", line 718, in readinto
    return self._sock.recv_into(b)
           ^^^^^^^^^^^^^^^^^^^^^^^
TimeoutError: timed out

The above exception was the direct cause of the following exception:

Traceback (most recent call last):
  File "/usr/local/python3.11.15/lib/python3.11/site-packages/requests/adapters.py", line 696, in send
    resp = conn.urlopen(
           ^^^^^^^^^^^^^
  File "/usr/local/python3.11.15/lib/python3.11/site-packages/urllib3/connectionpool.py", line 847, in urlopen
    retries = retries.increment(
              ^^^^^^^^^^^^^^^^^^
  File "/usr/local/python3.11.15/lib/python3.11/site-packages/urllib3/util/retry.py", line 510, in increment
    raise reraise(type(error), error, _stacktrace)
          ^^^^^^^^^^^^^^^^^^^^^^^^^^^^^^^^^^^^^^^^
  File "/usr/local/python3.11.15/lib/python3.11/site-packages/urllib3/util/util.py", line 39, in reraise
    raise value
  File "/usr/local/python3.11.15/lib/python3.11/site-packages/urllib3/connectionpool.py", line 793, in urlopen
    response = self._make_request(
               ^^^^^^^^^^^^^^^^^^^
  File "/usr/local/python3.11.15/lib/python3.11/site-packages/urllib3/connectionpool.py", line 542, in _make_request
    self._raise_timeout(err=e, url=url, timeout_value=read_timeout)
  File "/usr/local/python3.11.15/lib/python3.11/site-packages/urllib3/connectionpool.py", line 373, in _raise_timeout
    raise ReadTimeoutError(
urllib3.exceptions.ReadTimeoutError: HTTPConnectionPool(host='127.0.0.1', port=19655): Read timed out. (read timeout=60)

During handling of the above exception, another exception occurred:

Traceback (most recent call last):
  File "/data/hanle/ascend-optimization/goal-20261010/Ascend-Optimization/sources/kernelgen_server/client/kernelgen_client/http.py", line 119, in _request_json
    with _SESSION.request(
         ^^^^^^^^^^^^^^^^^
  File "/usr/local/python3.11.15/lib/python3.11/site-packages/requests/sessions.py", line 651, in request
    resp = self.send(prep, **send_kwargs)
           ^^^^^^^^^^^^^^^^^^^^^^^^^^^^^^
  File "/usr/local/python3.11.15/lib/python3.11/site-packages/requests/sessions.py", line 784, in send
    r = adapter.send(request, **kwargs)
        ^^^^^^^^^^^^^^^^^^^^^^^^^^^^^^^
  File "/usr/local/python3.11.15/lib/python3.11/site-packages/requests/adapters.py", line 742, in send
    raise ReadTimeout(e, request=request)
requests.exceptions.ReadTimeout: HTTPConnectionPool(host='127.0.0.1', port=19655): Read timed out. (read timeout=60)

The above exception was the direct cause of the following exception:

Traceback (most recent call last):
  File "/data/hanle/ascend-optimization/goal-20261010/Ascend-Optimization/sources/kernelgen/cli/runner.py", line 218, in execute_request
    exit_code = _invoke_workflow(request, resume=resume)
                ^^^^^^^^^^^^^^^^^^^^^^^^^^^^^^^^^^^^^^^^
  File "/data/hanle/ascend-optimization/goal-20261010/Ascend-Optimization/sources/kernelgen/cli/runner.py", line 140, in _invoke_workflow
    return run_operator_optimization(request.workflow_input, workspace=request.workspace,
           ^^^^^^^^^^^^^^^^^^^^^^^^^^^^^^^^^^^^^^^^^^^^^^^^^^^^^^^^^^^^^^^^^^^^^^^^^^^^^^
  File "/data/hanle/ascend-optimization/goal-20261010/Ascend-Optimization/sources/kernelgen/cli/optimization.py", line 39, in run_operator_optimization
    result = OperatorOptimizeWorkflow(cwd=workspace, runtime_factory=make_runtime).run(inp)
             ^^^^^^^^^^^^^^^^^^^^^^^^^^^^^^^^^^^^^^^^^^^^^^^^^^^^^^^^^^^^^^^^^^^^^^^^^^^^^^
  File "/data/hanle/ascend-optimization/goal-20261010/Ascend-Optimization/sources/kernelgen/framework/runnable.py", line 50, in run
    out = self._execute(validated_in)
          ^^^^^^^^^^^^^^^^^^^^^^^^^^^
  File "/data/hanle/ascend-optimization/goal-20261010/Ascend-Optimization/sources/kernelgen/workflows/optimization/workflow.py", line 135, in _execute
    return self.run_build(inp, plan=plan, mode="dummy" if inp.dummy else self.name,
           ^^^^^^^^^^^^^^^^^^^^^^^^^^^^^^^^^^^^^^^^^^^^^^^^^^^^^^^^^^^^^^^^^^^^^^^^
  File "/data/hanle/ascend-optimization/goal-20261010/Ascend-Optimization/sources/kernelgen/framework/workflow.py", line 60, in run_build
    ).run(operator=inp.operator, plan=plan, simulated=inp.dummy, resume=inp.resume)
      ^^^^^^^^^^^^^^^^^^^^^^^^^^^^^^^^^^^^^^^^^^^^^^^^^^^^^^^^^^^^^^^^^^^^^^^^^^^^^
  File "/data/hanle/ascend-optimization/goal-20261010/Ascend-Optimization/sources/kernelgen/framework/workflow_execution.py", line 162, in run
    result = self._run_calls(plan, control)
             ^^^^^^^^^^^^^^^^^^^^^^^^^^^^^^
  File "/data/hanle/ascend-optimization/goal-20261010/Ascend-Optimization/sources/kernelgen/framework/workflow_execution.py", line 193, in _run_calls
    path, result = self._execute_call(stage, self.calls[stage], plan, control, current, inputs)
                   ^^^^^^^^^^^^^^^^^^^^^^^^^^^^^^^^^^^^^^^^^^^^^^^^^^^^^^^^^^^^^^^^^^^^^^^^^^^^
  File "/data/hanle/ascend-optimization/goal-20261010/Ascend-Optimization/sources/kernelgen/framework/workflow_execution.py", line 272, in _execute_call
    result = invoke(WorkflowContext(
             ^^^^^^^^^^^^^^^^^^^^^^^
  File "/data/hanle/ascend-optimization/goal-20261010/Ascend-Optimization/sources/kernelgen/workflows/optimization/operations.py", line 23, in prepare_catalog
    result = prepare_installed_catalog(inp, context)
             ^^^^^^^^^^^^^^^^^^^^^^^^^^^^^^^^^^^^^^^
  File "/data/hanle/ascend-optimization/goal-20261010/Ascend-Optimization/sources/kernelgen/workflows/optimization/sources.py", line 77, in prepare_installed_catalog
    contract = get_operator_contract(request, server)
               ^^^^^^^^^^^^^^^^^^^^^^^^^^^^^^^^^^^^^^
  File "/data/hanle/ascend-optimization/goal-20261010/Ascend-Optimization/sources/kernelgen_server/client/kernelgen_client/http.py", line 286, in get_operator_contract
    value = _post(server_url, "/operator-contract", payload, timeout)
            ^^^^^^^^^^^^^^^^^^^^^^^^^^^^^^^^^^^^^^^^^^^^^^^^^^^^^^^^^
  File "/data/hanle/ascend-optimization/goal-20261010/Ascend-Optimization/sources/kernelgen_server/client/kernelgen_client/http.py", line 150, in _post
    return _request_json(
           ^^^^^^^^^^^^^^
  File "/data/hanle/ascend-optimization/goal-20261010/Ascend-Optimization/sources/kernelgen_server/client/kernelgen_client/http.py", line 139, in _request_json
    raise ServerError(f"cannot reach evaluation server: {exc}") from exc
kernelgen_client.http.ServerError: cannot reach evaluation server: HTTPConnectionPool(host='127.0.0.1', port=19655): Read timed out. (read timeout=60)
