[INFO] Start profiling....
✓ Overridden narrow_copy from /data/hanle/ascend-optimization/goal-20261010/kgs-profiles-narrow-device/b949f41639c247649785e3c77742a4e8/target/candidate/main.py:run
.                                                                        [100%]
=============================== warnings summary ===============================
../../../../../usr/local/python3.11.15/lib/python3.11/site-packages/torch_npu/npu/__init__.py:539
  /usr/local/python3.11.15/lib/python3.11/site-packages/torch_npu/npu/__init__.py:539: UserWarning: You can set the device capability via the environment variable TORCH_NPU_DEVICE_CAPABILITY. The return value of get_device_capability is only for compatibility with PyTorch and does not represent the actual capability of the NPU device.
    warnings.warn(f"You can set the device capability via the environment variable TORCH_NPU_DEVICE_CAPABILITY. {warning_str}")

src/flag_gems/utils/device_info.py:58
  /data/hanle/ascend-optimization/goal-20261010/FlagGems-narrow-device-timing/src/flag_gems/utils/device_info.py:58: UserWarning: [device_info] torch_device_fn.get_device_capability returned None for device_id=0, fallback to (0, 0).
    warnings.warn(

../../../../../usr/local/python3.11.15/lib/python3.11/site-packages/torch/backends/__init__.py:46
  /usr/local/python3.11.15/lib/python3.11/site-packages/torch/backends/__init__.py:46: UserWarning: Please use the new API settings to control TF32 behavior, such as torch.backends.cudnn.conv.fp32_precision = 'tf32' or torch.backends.cuda.matmul.fp32_precision = 'ieee'. Old settings, e.g, torch.backends.cuda.matmul.allow_tf32 = True, torch.backends.cudnn.allow_tf32 = True, allowTF32CuDNN() and allowTF32CuBLAS() will be deprecated after Pytorch 2.9. Please see https://pytorch.org/docs/main/notes/cuda.html#tensorfloat-32-tf32-on-ampere-and-later-devices (Triggered internally at /pytorch/aten/src/ATen/Context.cpp:80.)
    self.setter(val)

-- Docs: https://docs.pytest.org/en/stable/how-to/capture-warnings.html
1 passed, 3 warnings in 1.08s
[INFO] Start export data in PROF_000001_20261011024152089_04083837AKNQHFON.
Sun 11 Oct 2026 02:42:11 [WARNING] [MSVP] [4084285] msprof_entrance.py: Msprof analysis is parsing data as root, which may cause potential system security risks.
Sun 11 Oct 2026 02:42:11 [INFO] [MSVP] [4084287] msprof_common.py: Start analyzing data in "/data/hanle/ascend-optimization/goal-20261010/kgs-profiles-narrow-device/b949f41639c247649785e3c77742a4e8/msprof-output/PROF_000001_20261011024152089_04083837AKNQHFON/host" ...
Sun 11 Oct 2026 02:42:11 [INFO] [MSVP] [4084287] msprof_common.py: It may take few minutes, please be patient ...
Sun 11 Oct 2026 02:42:11 [INFO] [MSVP] [4084287] msprof_common.py: Analysis data in "/data/hanle/ascend-optimization/goal-20261010/kgs-profiles-narrow-device/b949f41639c247649785e3c77742a4e8/msprof-output/PROF_000001_20261011024152089_04083837AKNQHFON/host" finished.
Sun 11 Oct 2026 02:42:11 [INFO] [MSVP] [4084287] msprof_common.py: Start analyzing data in "/data/hanle/ascend-optimization/goal-20261010/kgs-profiles-narrow-device/b949f41639c247649785e3c77742a4e8/msprof-output/PROF_000001_20261011024152089_04083837AKNQHFON/device_7" ...
Sun 11 Oct 2026 02:42:11 [INFO] [MSVP] [4084287] msprof_common.py: It may take few minutes, please be patient ...
Sun 11 Oct 2026 02:42:11 [INFO] [MSVP] [4084287] msprof_common.py: Analysis data in "/data/hanle/ascend-optimization/goal-20261010/kgs-profiles-narrow-device/b949f41639c247649785e3c77742a4e8/msprof-output/PROF_000001_20261011024152089_04083837AKNQHFON/device_7" finished.
Sun 11 Oct 2026 02:42:11 [INFO] [MSVP] [4084287] msprof_export.py: All collected data will be exported, path is: /data/hanle/ascend-optimization/goal-20261010/kgs-profiles-narrow-device/b949f41639c247649785e3c77742a4e8/msprof-output/PROF_000001_20261011024152089_04083837AKNQHFON/device_7.
Sun 11 Oct 2026 02:42:12 [WARNING] [MSVP] [4084462] msprof_entrance.py: Msprof analysis is parsing data as root, which may cause potential system security risks.
Sun 11 Oct 2026 02:42:12 [INFO] [MSVP] [4084464] msprof_export.py: The data in "/data/hanle/ascend-optimization/goal-20261010/kgs-profiles-narrow-device/b949f41639c247649785e3c77742a4e8/msprof-output/PROF_000001_20261011024152089_04083837AKNQHFON/host" has been analyzed. Parsing phase will be skipped.
Sun 11 Oct 2026 02:42:12 [INFO] [MSVP] [4084464] msprof_export.py: The data in "/data/hanle/ascend-optimization/goal-20261010/kgs-profiles-narrow-device/b949f41639c247649785e3c77742a4e8/msprof-output/PROF_000001_20261011024152089_04083837AKNQHFON/device_7" has been analyzed. Parsing phase will be skipped.
Sun 11 Oct 2026 02:42:12 [INFO] [MSVP] [4084464] msprof_export.py: All collected data will be exported, path is: /data/hanle/ascend-optimization/goal-20261010/kgs-profiles-narrow-device/b949f41639c247649785e3c77742a4e8/msprof-output/PROF_000001_20261011024152089_04083837AKNQHFON/device_7.
Sun 11 Oct 2026 02:42:12 [INFO] [MSVP] [4084464] msprof_export.py: There is no summary data to export for "/data/hanle/ascend-optimization/goal-20261010/kgs-profiles-narrow-device/b949f41639c247649785e3c77742a4e8/msprof-output/PROF_000001_20261011024152089_04083837AKNQHFON/host"
Sun 11 Oct 2026 02:42:12 [INFO] [MSVP] [4084464] msprof_export.py: All collected data will be exported, path is: /data/hanle/ascend-optimization/goal-20261010/kgs-profiles-narrow-device/b949f41639c247649785e3c77742a4e8/msprof-output/PROF_000001_20261011024152089_04083837AKNQHFON/device_7.
Sun 11 Oct 2026 02:42:12 [INFO] [MSVP] [4084464] msprof_export.py: There is no summary data to export for "/data/hanle/ascend-optimization/goal-20261010/kgs-profiles-narrow-device/b949f41639c247649785e3c77742a4e8/msprof-output/PROF_000001_20261011024152089_04083837AKNQHFON/device_7"
Sun 11 Oct 2026 02:42:12 [INFO] [MSVP] [4084464] msprof_common.py: Start exporting summary output_file.
Sun 11 Oct 2026 02:42:12 [INFO] [MSVP] [4084464] msprof_common.py: End exporting summary output_file.The file is stored in the /data/hanle/ascend-optimization/goal-20261010/kgs-profiles-narrow-device/b949f41639c247649785e3c77742a4e8/msprof-output/PROF_000001_20261011024152089_04083837AKNQHFON/mindstudio_profiler_output path.
[INFO] Export all data in PROF_000001_20261011024152089_04083837AKNQHFON done.
[INFO] Start query data in PROF_000001_20261011024152089_04083837AKNQHFON.
Sun 11 Oct 2026 02:42:13 [WARNING] [MSVP] [4084503] msprof_entrance.py: Msprof analysis is parsing data as root, which may cause potential system security risks.
Job Info	Device ID	Dir Name	Collection Time           	Model ID	Iteration Number	Top Time Iteration	Rank ID	

NA      	         	host    	2026-10-11 02:41:52.883981	N/A     	N/A             	N/A               	-1     	

NA      	7        	device_7	2026-10-11 02:41:52.887354	N/A     	N/A             	N/A               	-1     	

[INFO] Query all data in PROF_000001_20261011024152089_04083837AKNQHFON done.
[INFO] Profiling finished.
[INFO] Process profiling data complete. Data is saved in /data/hanle/ascend-optimization/goal-20261010/kgs-profiles-narrow-device/b949f41639c247649785e3c77742a4e8/msprof-output/PROF_000001_20261011024152089_04083837AKNQHFON
