[INFO] Start profiling....
✓ Overridden matmul_bias_activation from /data/hanle/ascend-optimization/goal-20261010/kgs-profiles-amin/a1fc9f92956e419fb770e62107498d94/target/candidate/main.py:run
.                                                                        [100%]
=============================== warnings summary ===============================
../../../../../usr/local/python3.11.15/lib/python3.11/site-packages/torch_npu/npu/__init__.py:539
  /usr/local/python3.11.15/lib/python3.11/site-packages/torch_npu/npu/__init__.py:539: UserWarning: You can set the device capability via the environment variable TORCH_NPU_DEVICE_CAPABILITY. The return value of get_device_capability is only for compatibility with PyTorch and does not represent the actual capability of the NPU device.
    warnings.warn(f"You can set the device capability via the environment variable TORCH_NPU_DEVICE_CAPABILITY. {warning_str}")

src/flag_gems/utils/device_info.py:58
  /data/hanle/ascend-optimization/goal-20261010/FlagGems/src/flag_gems/utils/device_info.py:58: UserWarning: [device_info] torch_device_fn.get_device_capability returned None for device_id=0, fallback to (0, 0).
    warnings.warn(

../../../../../usr/local/python3.11.15/lib/python3.11/site-packages/torch/backends/__init__.py:46
  /usr/local/python3.11.15/lib/python3.11/site-packages/torch/backends/__init__.py:46: UserWarning: Please use the new API settings to control TF32 behavior, such as torch.backends.cudnn.conv.fp32_precision = 'tf32' or torch.backends.cuda.matmul.fp32_precision = 'ieee'. Old settings, e.g, torch.backends.cuda.matmul.allow_tf32 = True, torch.backends.cudnn.allow_tf32 = True, allowTF32CuDNN() and allowTF32CuBLAS() will be deprecated after Pytorch 2.9. Please see https://pytorch.org/docs/main/notes/cuda.html#tensorfloat-32-tf32-on-ampere-and-later-devices (Triggered internally at /pytorch/aten/src/ATen/Context.cpp:80.)
    self.setter(val)

-- Docs: https://docs.pytest.org/en/stable/how-to/capture-warnings.html
1 passed, 3 warnings in 1.09s
[INFO] Start export data in PROF_000001_20261010193112047_03406024NRGAFBJG.
Sat 10 Oct 2026 19:31:31 [WARNING] [MSVP] [3406561] msprof_entrance.py: Msprof analysis is parsing data as root, which may cause potential system security risks.
Sat 10 Oct 2026 19:31:31 [INFO] [MSVP] [3406563] msprof_common.py: Start analyzing data in "/data/hanle/ascend-optimization/goal-20261010/kgs-profiles-amin/a1fc9f92956e419fb770e62107498d94/msprof-output/PROF_000001_20261010193112047_03406024NRGAFBJG/host" ...
Sat 10 Oct 2026 19:31:31 [INFO] [MSVP] [3406563] msprof_common.py: It may take few minutes, please be patient ...
Sat 10 Oct 2026 19:31:31 [INFO] [MSVP] [3406563] msprof_common.py: Analysis data in "/data/hanle/ascend-optimization/goal-20261010/kgs-profiles-amin/a1fc9f92956e419fb770e62107498d94/msprof-output/PROF_000001_20261010193112047_03406024NRGAFBJG/host" finished.
Sat 10 Oct 2026 19:31:31 [INFO] [MSVP] [3406563] msprof_common.py: Start analyzing data in "/data/hanle/ascend-optimization/goal-20261010/kgs-profiles-amin/a1fc9f92956e419fb770e62107498d94/msprof-output/PROF_000001_20261010193112047_03406024NRGAFBJG/device_7" ...
Sat 10 Oct 2026 19:31:31 [INFO] [MSVP] [3406563] msprof_common.py: It may take few minutes, please be patient ...
Sat 10 Oct 2026 19:31:31 [INFO] [MSVP] [3406563] msprof_common.py: Analysis data in "/data/hanle/ascend-optimization/goal-20261010/kgs-profiles-amin/a1fc9f92956e419fb770e62107498d94/msprof-output/PROF_000001_20261010193112047_03406024NRGAFBJG/device_7" finished.
Sat 10 Oct 2026 19:31:31 [INFO] [MSVP] [3406563] msprof_export.py: All collected data will be exported, path is: /data/hanle/ascend-optimization/goal-20261010/kgs-profiles-amin/a1fc9f92956e419fb770e62107498d94/msprof-output/PROF_000001_20261010193112047_03406024NRGAFBJG/device_7.
Sat 10 Oct 2026 19:31:32 [WARNING] [MSVP] [3406736] msprof_entrance.py: Msprof analysis is parsing data as root, which may cause potential system security risks.
Sat 10 Oct 2026 19:31:32 [INFO] [MSVP] [3406738] msprof_export.py: The data in "/data/hanle/ascend-optimization/goal-20261010/kgs-profiles-amin/a1fc9f92956e419fb770e62107498d94/msprof-output/PROF_000001_20261010193112047_03406024NRGAFBJG/host" has been analyzed. Parsing phase will be skipped.
Sat 10 Oct 2026 19:31:32 [INFO] [MSVP] [3406738] msprof_export.py: The data in "/data/hanle/ascend-optimization/goal-20261010/kgs-profiles-amin/a1fc9f92956e419fb770e62107498d94/msprof-output/PROF_000001_20261010193112047_03406024NRGAFBJG/device_7" has been analyzed. Parsing phase will be skipped.
Sat 10 Oct 2026 19:31:32 [INFO] [MSVP] [3406738] msprof_export.py: All collected data will be exported, path is: /data/hanle/ascend-optimization/goal-20261010/kgs-profiles-amin/a1fc9f92956e419fb770e62107498d94/msprof-output/PROF_000001_20261010193112047_03406024NRGAFBJG/device_7.
Sat 10 Oct 2026 19:31:32 [INFO] [MSVP] [3406738] msprof_export.py: There is no summary data to export for "/data/hanle/ascend-optimization/goal-20261010/kgs-profiles-amin/a1fc9f92956e419fb770e62107498d94/msprof-output/PROF_000001_20261010193112047_03406024NRGAFBJG/host"
Sat 10 Oct 2026 19:31:32 [INFO] [MSVP] [3406738] msprof_export.py: All collected data will be exported, path is: /data/hanle/ascend-optimization/goal-20261010/kgs-profiles-amin/a1fc9f92956e419fb770e62107498d94/msprof-output/PROF_000001_20261010193112047_03406024NRGAFBJG/device_7.
Sat 10 Oct 2026 19:31:32 [INFO] [MSVP] [3406738] msprof_export.py: There is no summary data to export for "/data/hanle/ascend-optimization/goal-20261010/kgs-profiles-amin/a1fc9f92956e419fb770e62107498d94/msprof-output/PROF_000001_20261010193112047_03406024NRGAFBJG/device_7"
Sat 10 Oct 2026 19:31:32 [INFO] [MSVP] [3406738] msprof_common.py: Start exporting summary output_file.
Sat 10 Oct 2026 19:31:32 [INFO] [MSVP] [3406738] msprof_common.py: End exporting summary output_file.The file is stored in the /data/hanle/ascend-optimization/goal-20261010/kgs-profiles-amin/a1fc9f92956e419fb770e62107498d94/msprof-output/PROF_000001_20261010193112047_03406024NRGAFBJG/mindstudio_profiler_output path.
[INFO] Export all data in PROF_000001_20261010193112047_03406024NRGAFBJG done.
[INFO] Start query data in PROF_000001_20261010193112047_03406024NRGAFBJG.
Sat 10 Oct 2026 19:31:33 [WARNING] [MSVP] [3406777] msprof_entrance.py: Msprof analysis is parsing data as root, which may cause potential system security risks.
Job Info	Device ID	Dir Name	Collection Time           	Model ID	Iteration Number	Top Time Iteration	Rank ID	

NA      	         	host    	2026-10-10 19:31:12.627418	N/A     	N/A             	N/A               	-1     	

NA      	7        	device_7	2026-10-10 19:31:12.630704	N/A     	N/A             	N/A               	-1     	

[INFO] Query all data in PROF_000001_20261010193112047_03406024NRGAFBJG done.
[INFO] Profiling finished.
[INFO] Process profiling data complete. Data is saved in /data/hanle/ascend-optimization/goal-20261010/kgs-profiles-amin/a1fc9f92956e419fb770e62107498d94/msprof-output/PROF_000001_20261010193112047_03406024NRGAFBJG
