2026-10-10 21:02:03 [WARN]  Currently, the root permission is used, which is unrecommended. Please ensure the security of the execution environment and programs.
2026-10-10 21:02:03 [INFO]  Op profiling analysis start.
2026-10-10 21:02:03 [INFO]  Running device task: DeviceProf
2026-10-10 21:02:24 [INFO]  Kernel Cast_15ccf3aee15572ed7572778d4afbef60_high_performance_210000000 skipped: not selected via --kernel-name.
2026-10-10 21:02:24 [INFO]  Kernel Cast_15ccf3aee15572ed7572778d4afbef60_high_performance_210000000 skipped: not selected via --kernel-name.
2026-10-10 21:02:24 [INFO]  Kernel Cast_15ccf3aee15572ed7572778d4afbef60_high_performance_210000000 skipped: not selected via --kernel-name.
2026-10-10 21:02:24 [INFO]  Kernel Cast_15ccf3aee15572ed7572778d4afbef60_high_performance_210000000 skipped: not selected via --kernel-name.
2026-10-10 21:02:24 [INFO]  Kernel Cast_15ccf3aee15572ed7572778d4afbef60_high_performance_210000000 skipped: not selected via --kernel-name.
2026-10-10 21:02:24 [INFO]  Kernel Cast_15ccf3aee15572ed7572778d4afbef60_high_performance_210000000 skipped: not selected via --kernel-name.
✓ Overridden matmul_bias_activation from /data/hanle/ascend-optimization/goal-20261010/kgs-profiles-amin/b09fecdf5dde49d0be8db526a7bdb967/target/candidate/main.py:run
.                                                                        [100%]
=============================== warnings summary ===============================
../../../../../usr/local/python3.11.15/lib/python3.11/site-packages/torch_npu/npu/__init__.py:539
  /usr/local/python3.11.15/lib/python3.11/site-packages/torch_npu/npu/__init__.py:539: UserWarning: You can set the device capability via the environment variable TORCH_NPU_DEVICE_CAPABILITY. The return value of get_device_capability is only for compatibility with PyTorch and does not represent the actual capability of the NPU device.
    warnings.warn(f"You can set the device capability via the environment variable TORCH_NPU_DEVICE_CAPABILITY. {warning_str}")

src/flag_gems/utils/device_info.py:58
  /data/hanle/ascend-optimization/goal-20261010/FlagGems/src/flag_gems/utils/device_info.py:58: UserWarning: [device_info] torch_device_fn.get_device_capability returned None for device_id=0, fallback to (0, 0).
    warnings.warn(

../../../../../usr/local/python3.11.15/lib/python3.11/site-packages/torch/backends/__init__.py:46
  /usr/local/python3.11.15/lib/python3.11/site-packages/torch/backends/__init__.py:46: UserWarning: Please use the new API settings to control TF32 behavior, such as torch.backends.cudnn.conv.fp32_precision = 'tf32' or torch.backends.cuda.matmul.fp32_precision = 'ieee'. Old settings, e.g, torch.backends.cuda.matmul.allow_tf32 = True, torch.backends.cudnn.allow_tf32 = True, allowTF32CuDNN() and allowTF32CuBLAS() will be deprecated after Pytorch 2.9. Please see https://pytorch.org/docs/main/notes/cuda.html#tensorfloat-32-tf32-on-ampere-and-later-devices (Triggered internally at /pytorch/aten/src/ATen/Context.cpp:80.)
    self.setter(val)

-- Docs: https://docs.pytest.org/en/stable/how-to/capture-warnings.html
1 passed, 3 warnings in 1.63s
2026-10-10 21:02:33 [INFO]  Profiling running finished. All task success.
2026-10-10 21:02:33 [INFO]  Start analyze kernel on device: device7, kernel: mba_gemm_kernel_mix_aic, name is: 0
2026-10-10 21:02:33 [INFO]  Save profiling data with metric [PipeUtilization] success.
2026-10-10 21:02:33 [INFO]  Save profiling data with metric [ArithmeticUtilization] success.
2026-10-10 21:02:33 [INFO]  Save profiling data with metric [L2Cache] success.
2026-10-10 21:02:33 [INFO]  Save profiling data with metric [Memory] success.
2026-10-10 21:02:33 [INFO]  Save profiling data with metric [ResourceConflictRatio] success.
2026-10-10 21:02:33 [INFO]  Save profiling data with metric [MemoryL0] success.
2026-10-10 21:02:33 [INFO]  Save profiling data with metric [MemoryUB] success.
2026-10-10 21:02:33 [INFO]  Performance Summary Report:

	1) aicore MTE1 bandwidth utilization lower than 80% when active.
	2) aicore MTE2 bandwidth utilization lower than 80% when active.
	3) aicore MTE3 bandwidth utilization lower than 80% when active.
	4) aicore compute usage lower than 20%.
	5) aivector MTE2 bandwidth utilization lower than 80% when active.
	6) aivector MTE3 bandwidth utilization lower than 80% when active.
	7) aivector compute usage lower than 20%.

2026-10-10 21:02:33 [INFO]  Operator Basic Information:

	Op Name: mba_gemm_kernel_mix_aic
	Op Type: mix
	Task Duration(us): 12.340247
	Block Dim: 9
	Mix Block Dim: 18
	Device Id: 7
	Pid: 3512056
	Current Freq: 1650
	Rated Freq: 1650

2026-10-10 21:02:33 [INFO]  Profiling results saved in /data/hanle/ascend-optimization/goal-20261010/kgs-profiles-amin/b09fecdf5dde49d0be8db526a7bdb967/msprof-op-output/capture-000/OPPROF_20261010210203_RFEINZATYBUVRERS
2026-10-10 21:02:33 [INFO]  Profiling data parse finished.
2026-10-10 21:02:33 [INFO]  Op profiling finish. Welcome to next use.
