2026-10-06 03:23:45 [WARN]  Currently, the root permission is used, which is unrecommended. Please ensure the security of the execution environment and programs.
2026-10-06 03:23:45 [INFO]  Op profiling analysis start.
2026-10-06 03:23:45 [INFO]  Running simulation task: Binary Simulation Running, use simulator Ascend910B4 by --soc-version
2026-10-06 03:24:09 [INFO]  Kernel Cast_15ccf3aee15572ed7572778d4afbef60_high_performance_210000000 skipped: not selected via --kernel-name.
2026-10-06 03:24:09 [INFO]  Kernel Cast_15ccf3aee15572ed7572778d4afbef60_high_performance_210000000 skipped: not selected via --kernel-name.
✓ Overridden narrow_copy from /data/hanle/ascend-optimization/runtime/kg-controller/runs/profiles-narrow-copy/5cd8677e69534b2f8d2c2181b51c73db/target/candidate/narrow_copy.py:run
.                                                                        [100%]
=============================== warnings summary ===============================
../../../../../usr/local/python3.11.15/lib/python3.11/site-packages/torch_npu/npu/__init__.py:539
  /usr/local/python3.11.15/lib/python3.11/site-packages/torch_npu/npu/__init__.py:539: UserWarning: You can set the device capability via the environment variable TORCH_NPU_DEVICE_CAPABILITY. The return value of get_device_capability is only for compatibility with PyTorch and does not represent the actual capability of the NPU device.
    warnings.warn(f"You can set the device capability via the environment variable TORCH_NPU_DEVICE_CAPABILITY. {warning_str}")

src/flag_gems/utils/device_info.py:58
  /data/hanle/ascend-optimization/runtime/flagggems-narrow-copy/src/flag_gems/utils/device_info.py:58: UserWarning: [device_info] torch_device_fn.get_device_capability returned None for device_id=0, fallback to (0, 0).
    warnings.warn(

../../../../../usr/local/python3.11.15/lib/python3.11/site-packages/torch/backends/__init__.py:46
  /usr/local/python3.11.15/lib/python3.11/site-packages/torch/backends/__init__.py:46: UserWarning: Please use the new API settings to control TF32 behavior, such as torch.backends.cudnn.conv.fp32_precision = 'tf32' or torch.backends.cuda.matmul.fp32_precision = 'ieee'. Old settings, e.g, torch.backends.cuda.matmul.allow_tf32 = True, torch.backends.cudnn.allow_tf32 = True, allowTF32CuDNN() and allowTF32CuBLAS() will be deprecated after Pytorch 2.9. Please see https://pytorch.org/docs/main/notes/cuda.html#tensorfloat-32-tf32-on-ampere-and-later-devices (Triggered internally at /pytorch/aten/src/ATen/Context.cpp:80.)
    self.setter(val)

-- Docs: https://docs.pytest.org/en/stable/how-to/capture-warnings.html
1 passed, 3 warnings in 29.49s
2026-10-06 03:24:47 [WARN]  Child process exited with status 139
2026-10-06 03:24:49 [WARN]  Profiling running finished. May cause generating performance files to fail.
2026-10-06 03:24:49 [WARN]  Running task failed, data parsing start
2026-10-06 03:24:49 [INFO]  Start parse dump file
2026-10-06 03:24:49 [INFO]  Extract 101 relations from kernel
2026-10-06 03:24:49 [INFO]  Parse 72 addr2line relations
2026-10-06 03:24:49 [INFO]  Core operator results run in simulator as follow:
core_name           duration_time(us)   running_time(us)    
core0.veccore0      0.63                0.63                
2026-10-06 03:24:49 [INFO]  Profiling results saved in /data/hanle/ascend-optimization/runtime/kg-controller/runs/profiles-narrow-copy/5cd8677e69534b2f8d2c2181b51c73db/msprof-simulator-output/capture-000/OPPROF_20261006032345_WJFMIIRPMOVZWUJO
2026-10-06 03:24:49 [INFO]  Profiling data parse finished.
2026-10-06 03:24:49 [INFO]  Op profiling finish. Welcome to next use.
