START _prelu_kernel_backward repaired-flaggems-1
DONE {"operator": "_prelu_kernel_backward", "variant": "repaired-flaggems", "repeat": 1, "status": "PASSED", "geo_mean": 1.2803602874011486, "device": "npu:0", "num_passed": 30, "num_workloads": 30}
START _prelu_kernel_backward candidate-1
DONE {"operator": "_prelu_kernel_backward", "variant": "candidate", "repeat": 1, "status": "PASSED", "geo_mean": 2.8048736729278643, "device": "npu:0", "num_passed": 30, "num_workloads": 30}
START _prelu_kernel_backward candidate-2
DONE {"operator": "_prelu_kernel_backward", "variant": "candidate", "repeat": 2, "status": "PASSED", "geo_mean": 2.825457267496389, "device": "npu:0", "num_passed": 30, "num_workloads": 30}
START _prelu_kernel_backward repaired-flaggems-2
DONE {"operator": "_prelu_kernel_backward", "variant": "repaired-flaggems", "repeat": 2, "status": "PARTIAL_PASS", "geo_mean": null, "device": "npu:0", "num_passed": 29, "num_workloads": 30}
STOP_OPERATOR_CORRECTNESS _prelu_kernel_backward
START batch_norm_backward repaired-flaggems-1
DONE {"operator": "batch_norm_backward", "variant": "repaired-flaggems", "repeat": 1, "status": "PASSED", "geo_mean": 2.3402445340407763, "device": "npu:0", "num_passed": 45, "num_workloads": 45}
START batch_norm_backward candidate-1
DONE {"operator": "batch_norm_backward", "variant": "candidate", "repeat": 1, "status": "PASSED", "geo_mean": 4.933321686210489, "device": "npu:0", "num_passed": 45, "num_workloads": 45}
START batch_norm_backward candidate-2
DONE {"operator": "batch_norm_backward", "variant": "candidate", "repeat": 2, "status": "PASSED", "geo_mean": 5.111179172672575, "device": "npu:0", "num_passed": 45, "num_workloads": 45}
START batch_norm_backward repaired-flaggems-2
DONE {"operator": "batch_norm_backward", "variant": "repaired-flaggems", "repeat": 2, "status": "PASSED", "geo_mean": 2.2668993741700114, "device": "npu:0", "num_passed": 45, "num_workloads": 45}
START batch_norm_backward repaired-flaggems-3
DONE {"operator": "batch_norm_backward", "variant": "repaired-flaggems", "repeat": 3, "status": "PASSED", "geo_mean": 2.316051906463295, "device": "npu:0", "num_passed": 45, "num_workloads": 45}
START batch_norm_backward candidate-3
DONE {"operator": "batch_norm_backward", "variant": "candidate", "repeat": 3, "status": "PASSED", "geo_mean": 5.014486063410962, "device": "npu:0", "num_passed": 45, "num_workloads": 45}
START smooth_l1_loss_backward repaired-flaggems-1
DONE {"operator": "smooth_l1_loss_backward", "variant": "repaired-flaggems", "repeat": 1, "status": "PASSED", "geo_mean": 2.1733317453311765, "device": "npu:0", "num_passed": 303, "num_workloads": 303}
START smooth_l1_loss_backward candidate-1
DONE {"operator": "smooth_l1_loss_backward", "variant": "candidate", "repeat": 1, "status": "PASSED", "geo_mean": 3.4759251694831987, "device": "npu:0", "num_passed": 303, "num_workloads": 303}
START smooth_l1_loss_backward candidate-2
DONE {"operator": "smooth_l1_loss_backward", "variant": "candidate", "repeat": 2, "status": "PASSED", "geo_mean": 3.46196941577917, "device": "npu:0", "num_passed": 303, "num_workloads": 303}
START smooth_l1_loss_backward repaired-flaggems-2
DONE {"operator": "smooth_l1_loss_backward", "variant": "repaired-flaggems", "repeat": 2, "status": "PASSED", "geo_mean": 2.1492504919405686, "device": "npu:0", "num_passed": 303, "num_workloads": 303}
START smooth_l1_loss_backward repaired-flaggems-3
DONE {"operator": "smooth_l1_loss_backward", "variant": "repaired-flaggems", "repeat": 3, "status": "PASSED", "geo_mean": 2.1680495648476508, "device": "npu:0", "num_passed": 303, "num_workloads": 303}
START smooth_l1_loss_backward candidate-3
DONE {"operator": "smooth_l1_loss_backward", "variant": "candidate", "repeat": 3, "status": "PASSED", "geo_mean": 3.4956247789209542, "device": "npu:0", "num_passed": 303, "num_workloads": 303}
COMPLETE /data/hanle/ascend-optimization/runtime/kg-controller/runs/flaggems-repaired-comparison-20261009/measurements
