INFO:     Started server process [2702503]
INFO:     Waiting for application startup.
INFO:     Application startup complete.
INFO:     Uvicorn running on http://127.0.0.1:19656 (Press CTRL+C to quit)
INFO:     127.0.0.1:36552 - "GET /status HTTP/1.1" 200 OK
INFO:     127.0.0.1:36554 - "GET /status HTTP/1.1" 200 OK
INFO:     127.0.0.1:36556 - "PUT /operator-bundles/60bfea0f3348f30da5ed261d57ccf622c737b0fd9418b125343714bb56f2e51d HTTP/1.1" 200 OK
/data/hanle/ascend-optimization/Ascend-Optimization/sources/kernelgen_server/client/kernelgen_client/flaggems_discovery.py:136: RuntimeWarning: FlagGems checkout has ignored non-source changes: ?? .kernelgen/run-index.json, ?? .kernelgen/state.lock, ?? .kernelgen/worker-leases.json, ?? .kernelgen/worker-leases.lock, ?? 1a0aa94701562b5419cbf4faa3de13480a4b7d58c54d5656d9df9a88c63d1907.lock
  _validate_checkout(root, required_revision, revision)
INFO:     127.0.0.1:36558 - "POST /inspect HTTP/1.1" 200 OK
/data/hanle/ascend-optimization/Ascend-Optimization/sources/kernelgen_server/client/kernelgen_client/flaggems_discovery.py:136: RuntimeWarning: FlagGems checkout has ignored non-source changes: ?? .kernelgen/run-index.json, ?? .kernelgen/state.lock, ?? .kernelgen/worker-leases.json, ?? .kernelgen/worker-leases.lock, ?? 1a0aa94701562b5419cbf4faa3de13480a4b7d58c54d5656d9df9a88c63d1907.lock
  _validate_checkout(root, required_revision, revision)
/usr/local/python3.11.15/lib/python3.11/site-packages/torch_npu/npu/__init__.py:539: UserWarning: You can set the device capability via the environment variable TORCH_NPU_DEVICE_CAPABILITY. The return value of get_device_capability is only for compatibility with PyTorch and does not represent the actual capability of the NPU device.
  warnings.warn(f"You can set the device capability via the environment variable TORCH_NPU_DEVICE_CAPABILITY. {warning_str}")
/data/hanle/ascend-optimization/FlagGems/src/flag_gems/utils/device_info.py:58: UserWarning: [device_info] torch_device_fn.get_device_capability returned None for device_id=0, fallback to (0, 0).
  warnings.warn(
/data/hanle/ascend-optimization/Ascend-Optimization/sources/kernelgen_server/client/kernelgen_client/flaggems_discovery.py:136: RuntimeWarning: FlagGems checkout has ignored non-source changes: ?? .kernelgen/run-index.json, ?? .kernelgen/state.lock, ?? .kernelgen/worker-leases.json, ?? .kernelgen/worker-leases.lock, ?? 1a0aa94701562b5419cbf4faa3de13480a4b7d58c54d5656d9df9a88c63d1907.lock
  _validate_checkout(root, required_revision, revision)
INFO:     127.0.0.1:36578 - "POST /evaluate HTTP/1.1" 200 OK
/data/hanle/ascend-optimization/Ascend-Optimization/sources/kernelgen_server/client/kernelgen_client/flaggems_discovery.py:136: RuntimeWarning: FlagGems checkout has ignored non-source changes: ?? .kernelgen/run-index.json, ?? .kernelgen/state.lock, ?? .kernelgen/worker-leases.json, ?? .kernelgen/worker-leases.lock, ?? 1a0aa94701562b5419cbf4faa3de13480a4b7d58c54d5656d9df9a88c63d1907.lock
  _validate_checkout(root, required_revision, revision)
/data/hanle/ascend-optimization/Ascend-Optimization/sources/kernelgen_server/client/kernelgen_client/flaggems_discovery.py:136: RuntimeWarning: FlagGems checkout has ignored non-source changes: ?? .kernelgen/run-index.json, ?? .kernelgen/state.lock, ?? .kernelgen/worker-leases.json, ?? .kernelgen/worker-leases.lock, ?? 1a0aa94701562b5419cbf4faa3de13480a4b7d58c54d5656d9df9a88c63d1907.lock
  _validate_checkout(root, required_revision, revision)
INFO:     127.0.0.1:36656 - "POST /evaluate HTTP/1.1" 200 OK
/data/hanle/ascend-optimization/Ascend-Optimization/sources/kernelgen_server/client/kernelgen_client/flaggems_discovery.py:136: RuntimeWarning: FlagGems checkout has ignored non-source changes: ?? .kernelgen/run-index.json, ?? .kernelgen/state.lock, ?? .kernelgen/worker-leases.json, ?? .kernelgen/worker-leases.lock, ?? 1a0aa94701562b5419cbf4faa3de13480a4b7d58c54d5656d9df9a88c63d1907.lock
  _validate_checkout(root, required_revision, revision)
/data/hanle/ascend-optimization/Ascend-Optimization/sources/kernelgen_server/client/kernelgen_client/flaggems_discovery.py:136: RuntimeWarning: FlagGems checkout has ignored non-source changes: ?? .kernelgen/run-index.json, ?? .kernelgen/state.lock, ?? .kernelgen/worker-leases.json, ?? .kernelgen/worker-leases.lock, ?? 1a0aa94701562b5419cbf4faa3de13480a4b7d58c54d5656d9df9a88c63d1907.lock
  _validate_checkout(root, required_revision, revision)
INFO:     127.0.0.1:36714 - "POST /evaluate HTTP/1.1" 200 OK
/data/hanle/ascend-optimization/Ascend-Optimization/sources/kernelgen_server/client/kernelgen_client/flaggems_discovery.py:136: RuntimeWarning: FlagGems checkout has ignored non-source changes: ?? .kernelgen/run-index.json, ?? .kernelgen/state.lock, ?? .kernelgen/worker-leases.json, ?? .kernelgen/worker-leases.lock, ?? 1a0aa94701562b5419cbf4faa3de13480a4b7d58c54d5656d9df9a88c63d1907.lock
  _validate_checkout(root, required_revision, revision)
/usr/local/python3.11.15/lib/python3.11/site-packages/torch_npu/npu/__init__.py:539: UserWarning: You can set the device capability via the environment variable TORCH_NPU_DEVICE_CAPABILITY. The return value of get_device_capability is only for compatibility with PyTorch and does not represent the actual capability of the NPU device.
  warnings.warn(f"You can set the device capability via the environment variable TORCH_NPU_DEVICE_CAPABILITY. {warning_str}")
/data/hanle/ascend-optimization/FlagGems/src/flag_gems/utils/device_info.py:58: UserWarning: [device_info] torch_device_fn.get_device_capability returned None for device_id=0, fallback to (0, 0).
  warnings.warn(
/data/hanle/ascend-optimization/Ascend-Optimization/sources/kernelgen_server/client/kernelgen_client/flaggems_discovery.py:136: RuntimeWarning: FlagGems checkout has ignored non-source changes: ?? .kernelgen/run-index.json, ?? .kernelgen/state.lock, ?? .kernelgen/worker-leases.json, ?? .kernelgen/worker-leases.lock, ?? 1a0aa94701562b5419cbf4faa3de13480a4b7d58c54d5656d9df9a88c63d1907.lock
  _validate_checkout(root, required_revision, revision)
INFO:     127.0.0.1:36772 - "POST /evaluate HTTP/1.1" 200 OK
/data/hanle/ascend-optimization/Ascend-Optimization/sources/kernelgen_server/client/kernelgen_client/flaggems_discovery.py:136: RuntimeWarning: FlagGems checkout has ignored non-source changes: ?? .kernelgen/run-index.json, ?? .kernelgen/state.lock, ?? .kernelgen/worker-leases.json, ?? .kernelgen/worker-leases.lock, ?? 1a0aa94701562b5419cbf4faa3de13480a4b7d58c54d5656d9df9a88c63d1907.lock
  _validate_checkout(root, required_revision, revision)
/usr/local/python3.11.15/lib/python3.11/site-packages/torch_npu/npu/__init__.py:539: UserWarning: You can set the device capability via the environment variable TORCH_NPU_DEVICE_CAPABILITY. The return value of get_device_capability is only for compatibility with PyTorch and does not represent the actual capability of the NPU device.
  warnings.warn(f"You can set the device capability via the environment variable TORCH_NPU_DEVICE_CAPABILITY. {warning_str}")
/data/hanle/ascend-optimization/FlagGems/src/flag_gems/utils/device_info.py:58: UserWarning: [device_info] torch_device_fn.get_device_capability returned None for device_id=0, fallback to (0, 0).
  warnings.warn(
/data/hanle/ascend-optimization/Ascend-Optimization/sources/kernelgen_server/client/kernelgen_client/flaggems_discovery.py:136: RuntimeWarning: FlagGems checkout has ignored non-source changes: ?? .kernelgen/run-index.json, ?? .kernelgen/state.lock, ?? .kernelgen/worker-leases.json, ?? .kernelgen/worker-leases.lock, ?? 1a0aa94701562b5419cbf4faa3de13480a4b7d58c54d5656d9df9a88c63d1907.lock
  _validate_checkout(root, required_revision, revision)
INFO:     127.0.0.1:36830 - "POST /evaluate HTTP/1.1" 200 OK
/data/hanle/ascend-optimization/Ascend-Optimization/sources/kernelgen_server/client/kernelgen_client/flaggems_discovery.py:136: RuntimeWarning: FlagGems checkout has ignored non-source changes: ?? .kernelgen/run-index.json, ?? .kernelgen/state.lock, ?? .kernelgen/worker-leases.json, ?? .kernelgen/worker-leases.lock, ?? 1a0aa94701562b5419cbf4faa3de13480a4b7d58c54d5656d9df9a88c63d1907.lock
  _validate_checkout(root, required_revision, revision)
/data/hanle/ascend-optimization/Ascend-Optimization/sources/kernelgen_server/client/kernelgen_client/flaggems_discovery.py:136: RuntimeWarning: FlagGems checkout has ignored non-source changes: ?? .kernelgen/run-index.json, ?? .kernelgen/state.lock, ?? .kernelgen/worker-leases.json, ?? .kernelgen/worker-leases.lock, ?? 1a0aa94701562b5419cbf4faa3de13480a4b7d58c54d5656d9df9a88c63d1907.lock
  _validate_checkout(root, required_revision, revision)
INFO:     127.0.0.1:36896 - "POST /evaluate HTTP/1.1" 200 OK
INFO:     Shutting down
INFO:     Waiting for application shutdown.
INFO:     Application shutdown complete.
INFO:     Finished server process [2702503]
